exports[`test renders without crashing 1`] = `
ShallowWrapper {
  "length": 1,
  Symbol(enzyme.__root__): [Circular],
  Symbol(enzyme.__unrendered__): <Book />,
  Symbol(enzyme.__renderer__): Object {
    "batchedUpdates": [Function],
    "getNode": [Function],
    "render": [Function],
    "simulateEvent": [Function],
    "unmount": [Function],
  },
  Symbol(enzyme.__node__): Object {
    "instance": null,
    "key": null,
    "nodeType": "host",
    "props": Object {
      "children": <div
        className="book">
        <div
                className="book-top">
                <div
                        className="book-cover"
                        style={
                                Object {
                                        "backgroundImage": "url(\"http://books.google.com/books/content?id=PGR2AwAAQBAJ&printsec=frontcover&img=1&zoom=1&imgtk=AFLRE73-GnPVEyb7MOCxDzOYF1PTQRuf6nCss9LMNOSWBpxBrz8Pm2_mFtWMMg_Y1dx92HT7cUoQBeSWjs3oEztBVhUeDFQX6-tWlWz1-feexS0mlJPjotcwFqAg6hBYDXuK_bkyHD-y&source=gbs_api\")",
                                        "height": 193,
                                        "width": 128,
                                      }
                        } />
                <div
                        className="book-shelf-changer">
                        <select>
                                <option
                                        disabled={true}
                                        value="none">
                                        Move to...
                                </option>
                                <option
                                        value="currentlyReading">
                                        Currently Reading
                                </option>
                                <option
                                        value="wantToRead">
                                        Want to Read
                                </option>
                                <option
                                        value="read">
                                        Read
                                </option>
                                <option
                                        value="none">
                                        None
                                </option>
                        </select>
                </div>
        </div>
        <div
                className="book-title">
                Alans Book
        </div>
        <div
                className="book-authors">
                Harper Lee
        </div>
</div>,
    },
    "ref": null,
    "rendered": Object {
      "instance": null,
      "key": null,
      "nodeType": "host",
      "props": Object {
        "children": Array [
          <div
            className="book-top">
            <div
                        className="book-cover"
                        style={
                                    Object {
                                                "backgroundImage": "url(\"http://books.google.com/books/content?id=PGR2AwAAQBAJ&printsec=frontcover&img=1&zoom=1&imgtk=AFLRE73-GnPVEyb7MOCxDzOYF1PTQRuf6nCss9LMNOSWBpxBrz8Pm2_mFtWMMg_Y1dx92HT7cUoQBeSWjs3oEztBVhUeDFQX6-tWlWz1-feexS0mlJPjotcwFqAg6hBYDXuK_bkyHD-y&source=gbs_api\")",
                                                "height": 193,
                                                "width": 128,
                                              }
                        } />
            <div
                        className="book-shelf-changer">
                        <select>
                                    <option
                                                disabled={true}
                                                value="none">
                                                Move to...
                                    </option>
                                    <option
                                                value="currentlyReading">
                                                Currently Reading
                                    </option>
                                    <option
                                                value="wantToRead">
                                                Want to Read
                                    </option>
                                    <option
                                                value="read">
                                                Read
                                    </option>
                                    <option
                                                value="none">
                                                None
                                    </option>
                        </select>
            </div>
</div>,
          <div
            className="book-title">
            Alans Book
</div>,
          <div
            className="book-authors">
            Harper Lee
</div>,
        ],
        "className": "book",
      },
      "ref": null,
      "rendered": Array [
        Object {
          "instance": null,
          "key": null,
          "nodeType": "host",
          "props": Object {
            "children": Array [
              <div
                className="book-cover"
                style={
                                Object {
                                                "backgroundImage": "url(\"http://books.google.com/books/content?id=PGR2AwAAQBAJ&printsec=frontcover&img=1&zoom=1&imgtk=AFLRE73-GnPVEyb7MOCxDzOYF1PTQRuf6nCss9LMNOSWBpxBrz8Pm2_mFtWMMg_Y1dx92HT7cUoQBeSWjs3oEztBVhUeDFQX6-tWlWz1-feexS0mlJPjotcwFqAg6hBYDXuK_bkyHD-y&source=gbs_api\")",
                                                "height": 193,
                                                "width": 128,
                                              }
                } />,
              <div
                className="book-shelf-changer">
                <select>
                                <option
                                                disabled={true}
                                                value="none">
                                                Move to...
                                </option>
                                <option
                                                value="currentlyReading">
                                                Currently Reading
                                </option>
                                <option
                                                value="wantToRead">
                                                Want to Read
                                </option>
                                <option
                                                value="read">
                                                Read
                                </option>
                                <option
                                                value="none">
                                                None
                                </option>
                </select>
</div>,
            ],
            "className": "book-top",
          },
          "ref": null,
          "rendered": Array [
            Object {
              "instance": null,
              "key": null,
              "nodeType": "host",
              "props": Object {
                "className": "book-cover",
                "style": Object {
                  "backgroundImage": "url(\"http://books.google.com/books/content?id=PGR2AwAAQBAJ&printsec=frontcover&img=1&zoom=1&imgtk=AFLRE73-GnPVEyb7MOCxDzOYF1PTQRuf6nCss9LMNOSWBpxBrz8Pm2_mFtWMMg_Y1dx92HT7cUoQBeSWjs3oEztBVhUeDFQX6-tWlWz1-feexS0mlJPjotcwFqAg6hBYDXuK_bkyHD-y&source=gbs_api\")",
                  "height": 193,
                  "width": 128,
                },
              },
              "ref": null,
              "rendered": null,
              "type": "div",
            },
            Object {
              "instance": null,
              "key": null,
              "nodeType": "host",
              "props": Object {
                "children": <select>
                  <option
                                    disabled={true}
                                    value="none">
                                    Move to...
                  </option>
                  <option
                                    value="currentlyReading">
                                    Currently Reading
                  </option>
                  <option
                                    value="wantToRead">
                                    Want to Read
                  </option>
                  <option
                                    value="read">
                                    Read
                  </option>
                  <option
                                    value="none">
                                    None
                  </option>
</select>,
                "className": "book-shelf-changer",
              },
              "ref": null,
              "rendered": Object {
                "instance": null,
                "key": null,
                "nodeType": "host",
                "props": Object {
                  "children": Array [
                    <option
                      disabled={true}
                      value="none">
                      Move to...
</option>,
                    <option
                      value="currentlyReading">
                      Currently Reading
</option>,
                    <option
                      value="wantToRead">
                      Want to Read
</option>,
                    <option
                      value="read">
                      Read
</option>,
                    <option
                      value="none">
                      None
</option>,
                  ],
                },
                "ref": null,
                "rendered": Array [
                  Object {
                    "instance": null,
                    "key": null,
                    "nodeType": "host",
                    "props": Object {
                      "children": "Move to...",
                      "disabled": true,
                      "value": "none",
                    },
                    "ref": null,
                    "rendered": "Move to...",
                    "type": "option",
                  },
                  Object {
                    "instance": null,
                    "key": null,
                    "nodeType": "host",
                    "props": Object {
                      "children": "Currently Reading",
                      "value": "currentlyReading",
                    },
                    "ref": null,
                    "rendered": "Currently Reading",
                    "type": "option",
                  },
                  Object {
                    "instance": null,
                    "key": null,
                    "nodeType": "host",
                    "props": Object {
                      "children": "Want to Read",
                      "value": "wantToRead",
                    },
                    "ref": null,
                    "rendered": "Want to Read",
                    "type": "option",
                  },
                  Object {
                    "instance": null,
                    "key": null,
                    "nodeType": "host",
                    "props": Object {
                      "children": "Read",
                      "value": "read",
                    },
                    "ref": null,
                    "rendered": "Read",
                    "type": "option",
                  },
                  Object {
                    "instance": null,
                    "key": null,
                    "nodeType": "host",
                    "props": Object {
                      "children": "None",
                      "value": "none",
                    },
                    "ref": null,
                    "rendered": "None",
                    "type": "option",
                  },
                ],
                "type": "select",
              },
              "type": "div",
            },
          ],
          "type": "div",
        },
        Object {
          "instance": null,
          "key": null,
          "nodeType": "host",
          "props": Object {
            "children": "Alans Book",
            "className": "book-title",
          },
          "ref": null,
          "rendered": "Alans Book",
          "type": "div",
        },
        Object {
          "instance": null,
          "key": null,
          "nodeType": "host",
          "props": Object {
            "children": "Harper Lee",
            "className": "book-authors",
          },
          "ref": null,
          "rendered": "Harper Lee",
          "type": "div",
        },
      ],
      "type": "div",
    },
    "type": "li",
  },
  Symbol(enzyme.__nodes__): Array [
    Object {
      "instance": null,
      "key": null,
      "nodeType": "host",
      "props": Object {
        "children": <div
          className="book">
          <div
                    className="book-top">
                    <div
                              className="book-cover"
                              style={
                                        Object {
                                                  "backgroundImage": "url(\"http://books.google.com/books/content?id=PGR2AwAAQBAJ&printsec=frontcover&img=1&zoom=1&imgtk=AFLRE73-GnPVEyb7MOCxDzOYF1PTQRuf6nCss9LMNOSWBpxBrz8Pm2_mFtWMMg_Y1dx92HT7cUoQBeSWjs3oEztBVhUeDFQX6-tWlWz1-feexS0mlJPjotcwFqAg6hBYDXuK_bkyHD-y&source=gbs_api\")",
                                                  "height": 193,
                                                  "width": 128,
                                                }
                              } />
                    <div
                              className="book-shelf-changer">
                              <select>
                                        <option
                                                  disabled={true}
                                                  value="none">
                                                  Move to...
                                        </option>
                                        <option
                                                  value="currentlyReading">
                                                  Currently Reading
                                        </option>
                                        <option
                                                  value="wantToRead">
                                                  Want to Read
                                        </option>
                                        <option
                                                  value="read">
                                                  Read
                                        </option>
                                        <option
                                                  value="none">
                                                  None
                                        </option>
                              </select>
                    </div>
          </div>
          <div
                    className="book-title">
                    Alans Book
          </div>
          <div
                    className="book-authors">
                    Harper Lee
          </div>
</div>,
      },
      "ref": null,
      "rendered": Object {
        "instance": null,
        "key": null,
        "nodeType": "host",
        "props": Object {
          "children": Array [
            <div
              className="book-top">
              <div
                            className="book-cover"
                            style={
                                          Object {
                                                        "backgroundImage": "url(\"http://books.google.com/books/content?id=PGR2AwAAQBAJ&printsec=frontcover&img=1&zoom=1&imgtk=AFLRE73-GnPVEyb7MOCxDzOYF1PTQRuf6nCss9LMNOSWBpxBrz8Pm2_mFtWMMg_Y1dx92HT7cUoQBeSWjs3oEztBVhUeDFQX6-tWlWz1-feexS0mlJPjotcwFqAg6hBYDXuK_bkyHD-y&source=gbs_api\")",
                                                        "height": 193,
                                                        "width": 128,
                                                      }
                            } />
              <div
                            className="book-shelf-changer">
                            <select>
                                          <option
                                                        disabled={true}
                                                        value="none">
                                                        Move to...
                                          </option>
                                          <option
                                                        value="currentlyReading">
                                                        Currently Reading
                                          </option>
                                          <option
                                                        value="wantToRead">
                                                        Want to Read
                                          </option>
                                          <option
                                                        value="read">
                                                        Read
                                          </option>
                                          <option
                                                        value="none">
                                                        None
                                          </option>
                            </select>
              </div>
</div>,
            <div
              className="book-title">
              Alans Book
</div>,
            <div
              className="book-authors">
              Harper Lee
</div>,
          ],
          "className": "book",
        },
        "ref": null,
        "rendered": Array [
          Object {
            "instance": null,
            "key": null,
            "nodeType": "host",
            "props": Object {
              "children": Array [
                <div
                  className="book-cover"
                  style={
                                    Object {
                                                      "backgroundImage": "url(\"http://books.google.com/books/content?id=PGR2AwAAQBAJ&printsec=frontcover&img=1&zoom=1&imgtk=AFLRE73-GnPVEyb7MOCxDzOYF1PTQRuf6nCss9LMNOSWBpxBrz8Pm2_mFtWMMg_Y1dx92HT7cUoQBeSWjs3oEztBVhUeDFQX6-tWlWz1-feexS0mlJPjotcwFqAg6hBYDXuK_bkyHD-y&source=gbs_api\")",
                                                      "height": 193,
                                                      "width": 128,
                                                    }
                  } />,
                <div
                  className="book-shelf-changer">
                  <select>
                                    <option
                                                      disabled={true}
                                                      value="none">
                                                      Move to...
                                    </option>
                                    <option
                                                      value="currentlyReading">
                                                      Currently Reading
                                    </option>
                                    <option
                                                      value="wantToRead">
                                                      Want to Read
                                    </option>
                                    <option
                                                      value="read">
                                                      Read
                                    </option>
                                    <option
                                                      value="none">
                                                      None
                                    </option>
                  </select>
</div>,
              ],
              "className": "book-top",
            },
            "ref": null,
            "rendered": Array [
              Object {
                "instance": null,
                "key": null,
                "nodeType": "host",
                "props": Object {
                  "className": "book-cover",
                  "style": Object {
                    "backgroundImage": "url(\"http://books.google.com/books/content?id=PGR2AwAAQBAJ&printsec=frontcover&img=1&zoom=1&imgtk=AFLRE73-GnPVEyb7MOCxDzOYF1PTQRuf6nCss9LMNOSWBpxBrz8Pm2_mFtWMMg_Y1dx92HT7cUoQBeSWjs3oEztBVhUeDFQX6-tWlWz1-feexS0mlJPjotcwFqAg6hBYDXuK_bkyHD-y&source=gbs_api\")",
                    "height": 193,
                    "width": 128,
                  },
                },
                "ref": null,
                "rendered": null,
                "type": "div",
              },
              Object {
                "instance": null,
                "key": null,
                "nodeType": "host",
                "props": Object {
                  "children": <select>
                    <option
                                        disabled={true}
                                        value="none">
                                        Move to...
                    </option>
                    <option
                                        value="currentlyReading">
                                        Currently Reading
                    </option>
                    <option
                                        value="wantToRead">
                                        Want to Read
                    </option>
                    <option
                                        value="read">
                                        Read
                    </option>
                    <option
                                        value="none">
                                        None
                    </option>
</select>,
                  "className": "book-shelf-changer",
                },
                "ref": null,
                "rendered": Object {
                  "instance": null,
                  "key": null,
                  "nodeType": "host",
                  "props": Object {
                    "children": Array [
                      <option
                        disabled={true}
                        value="none">
                        Move to...
</option>,
                      <option
                        value="currentlyReading">
                        Currently Reading
</option>,
                      <option
                        value="wantToRead">
                        Want to Read
</option>,
                      <option
                        value="read">
                        Read
</option>,
                      <option
                        value="none">
                        None
</option>,
                    ],
                  },
                  "ref": null,
                  "rendered": Array [
                    Object {
                      "instance": null,
                      "key": null,
                      "nodeType": "host",
                      "props": Object {
                        "children": "Move to...",
                        "disabled": true,
                        "value": "none",
                      },
                      "ref": null,
                      "rendered": "Move to...",
                      "type": "option",
                    },
                    Object {
                      "instance": null,
                      "key": null,
                      "nodeType": "host",
                      "props": Object {
                        "children": "Currently Reading",
                        "value": "currentlyReading",
                      },
                      "ref": null,
                      "rendered": "Currently Reading",
                      "type": "option",
                    },
                    Object {
                      "instance": null,
                      "key": null,
                      "nodeType": "host",
                      "props": Object {
                        "children": "Want to Read",
                        "value": "wantToRead",
                      },
                      "ref": null,
                      "rendered": "Want to Read",
                      "type": "option",
                    },
                    Object {
                      "instance": null,
                      "key": null,
                      "nodeType": "host",
                      "props": Object {
                        "children": "Read",
                        "value": "read",
                      },
                      "ref": null,
                      "rendered": "Read",
                      "type": "option",
                    },
                    Object {
                      "instance": null,
                      "key": null,
                      "nodeType": "host",
                      "props": Object {
                        "children": "None",
                        "value": "none",
                      },
                      "ref": null,
                      "rendered": "None",
                      "type": "option",
                    },
                  ],
                  "type": "select",
                },
                "type": "div",
              },
            ],
            "type": "div",
          },
          Object {
            "instance": null,
            "key": null,
            "nodeType": "host",
            "props": Object {
              "children": "Alans Book",
              "className": "book-title",
            },
            "ref": null,
            "rendered": "Alans Book",
            "type": "div",
          },
          Object {
            "instance": null,
            "key": null,
            "nodeType": "host",
            "props": Object {
              "children": "Harper Lee",
              "className": "book-authors",
            },
            "ref": null,
            "rendered": "Harper Lee",
            "type": "div",
          },
        ],
        "type": "div",
      },
      "type": "li",
    },
  ],
  Symbol(enzyme.__options__): Object {
    "adapter": ReactSixteenAdapter {
      "options": Object {
        "enableComponentDidUpdateOnSetState": true,
      },
    },
  },
}
`;
