exports[`Bookshelf component renders without crashing 1`] = `
ShallowWrapper {
  "length": 1,
  Symbol(enzyme.__root__): [Circular],
  Symbol(enzyme.__unrendered__): <Bookshelf
    bookshelfTitle="My title"
    onUpdate={[Function]} />,
  Symbol(enzyme.__renderer__): Object {
    "batchedUpdates": [Function],
    "getNode": [Function],
    "render": [Function],
    "simulateEvent": [Function],
    "unmount": [Function],
  },
  Symbol(enzyme.__node__): Object {
    "instance": null,
    "key": null,
    "nodeType": "host",
    "props": Object {
      "children": <div
        className="bookshelf">
        <h2
                className="bookshelf-title">
                My title
        </h2>
        <div
                className="bookshelf-books">
                <ol
                        className="books-grid" />
        </div>
</div>,
    },
    "ref": null,
    "rendered": Object {
      "instance": null,
      "key": null,
      "nodeType": "host",
      "props": Object {
        "children": Array [
          <h2
            className="bookshelf-title">
            My title
</h2>,
          <div
            className="bookshelf-books">
            <ol
                        className="books-grid" />
</div>,
        ],
        "className": "bookshelf",
      },
      "ref": null,
      "rendered": Array [
        Object {
          "instance": null,
          "key": null,
          "nodeType": "host",
          "props": Object {
            "children": "My title",
            "className": "bookshelf-title",
          },
          "ref": null,
          "rendered": "My title",
          "type": "h2",
        },
        Object {
          "instance": null,
          "key": null,
          "nodeType": "host",
          "props": Object {
            "children": <ol
              className="books-grid" />,
            "className": "bookshelf-books",
          },
          "ref": null,
          "rendered": Object {
            "instance": null,
            "key": null,
            "nodeType": "host",
            "props": Object {
              "children": undefined,
              "className": "books-grid",
            },
            "ref": null,
            "rendered": null,
            "type": "ol",
          },
          "type": "div",
        },
      ],
      "type": "div",
    },
    "type": "div",
  },
  Symbol(enzyme.__nodes__): Array [
    Object {
      "instance": null,
      "key": null,
      "nodeType": "host",
      "props": Object {
        "children": <div
          className="bookshelf">
          <h2
                    className="bookshelf-title">
                    My title
          </h2>
          <div
                    className="bookshelf-books">
                    <ol
                              className="books-grid" />
          </div>
</div>,
      },
      "ref": null,
      "rendered": Object {
        "instance": null,
        "key": null,
        "nodeType": "host",
        "props": Object {
          "children": Array [
            <h2
              className="bookshelf-title">
              My title
</h2>,
            <div
              className="bookshelf-books">
              <ol
                            className="books-grid" />
</div>,
          ],
          "className": "bookshelf",
        },
        "ref": null,
        "rendered": Array [
          Object {
            "instance": null,
            "key": null,
            "nodeType": "host",
            "props": Object {
              "children": "My title",
              "className": "bookshelf-title",
            },
            "ref": null,
            "rendered": "My title",
            "type": "h2",
          },
          Object {
            "instance": null,
            "key": null,
            "nodeType": "host",
            "props": Object {
              "children": <ol
                className="books-grid" />,
              "className": "bookshelf-books",
            },
            "ref": null,
            "rendered": Object {
              "instance": null,
              "key": null,
              "nodeType": "host",
              "props": Object {
                "children": undefined,
                "className": "books-grid",
              },
              "ref": null,
              "rendered": null,
              "type": "ol",
            },
            "type": "div",
          },
        ],
        "type": "div",
      },
      "type": "div",
    },
  ],
  Symbol(enzyme.__options__): Object {
    "adapter": ReactSixteenAdapter {
      "options": Object {
        "enableComponentDidUpdateOnSetState": true,
      },
    },
  },
}
`;
